// Jest Snapshot v1, https://goo.gl/fbAQLP

exports[`Block renders correctly 1`] = `
<View
  style={
    {
      "flexDirection": "row",
      "flexWrap": "wrap",
      "gap": 18,
      "justifyContent": "space-between",
    }
  }
>
  <View>
    <View
      accessibilityState={
        {
          "busy": undefined,
          "checked": undefined,
          "disabled": undefined,
          "expanded": undefined,
          "selected": undefined,
        }
      }
      accessibilityValue={
        {
          "max": undefined,
          "min": undefined,
          "now": undefined,
          "text": undefined,
        }
      }
      accessible={true}
      collapsable={false}
      focusable={true}
      onClick={[Function]}
      onResponderGrant={[Function]}
      onResponderMove={[Function]}
      onResponderRelease={[Function]}
      onResponderTerminate={[Function]}
      onResponderTerminationRequest={[Function]}
      onStartShouldSetResponder={[Function]}
      style={
        {
          "opacity": 1,
        }
      }
    >
      <View
        style={
          {
            "alignItems": "center",
            "backgroundColor": "#1d2133",
            "borderRadius": 7,
            "height": 110,
            "justifyContent": "center",
            "width": 160,
          }
        }
      >
        <Text
          style={
            {
              "color": "#DF7800",
              "fontSize": 15,
            }
          }
        >
          1
        </Text>
        <Text
          style={
            {
              "color": "#FFF",
              "fontSize": 12,
            }
          }
        >
          1
           sat/vB
        </Text>
        <Text
          style={
            {
              "color": "#FFF",
              "fontSize": 12,
            }
          }
        >
          1
           MB
        </Text>
        <Text
          style={
            {
              "color": "#FFF",
              "fontSize": 12,
            }
          }
        >
          1
           
          transações
        </Text>
        <Text
          style={
            {
              "color": "#FFF",
              "fontSize": 12,
            }
          }
        >
          0
          :
          0
        </Text>
      </View>
    </View>
  </View>
  <View>
    <View
      accessibilityState={
        {
          "busy": undefined,
          "checked": undefined,
          "disabled": undefined,
          "expanded": undefined,
          "selected": undefined,
        }
      }
      accessibilityValue={
        {
          "max": undefined,
          "min": undefined,
          "now": undefined,
          "text": undefined,
        }
      }
      accessible={true}
      collapsable={false}
      focusable={true}
      onClick={[Function]}
      onResponderGrant={[Function]}
      onResponderMove={[Function]}
      onResponderRelease={[Function]}
      onResponderTerminate={[Function]}
      onResponderTerminationRequest={[Function]}
      onStartShouldSetResponder={[Function]}
      style={
        {
          "opacity": 1,
        }
      }
    >
      <View
        style={
          {
            "alignItems": "center",
            "backgroundColor": "#1d2133",
            "borderRadius": 7,
            "height": 110,
            "justifyContent": "center",
            "width": 160,
          }
        }
      >
        <Text
          style={
            {
              "color": "#DF7800",
              "fontSize": 15,
            }
          }
        >
          2
        </Text>
        <Text
          style={
            {
              "color": "#FFF",
              "fontSize": 12,
            }
          }
        >
          1
           sat/vB
        </Text>
        <Text
          style={
            {
              "color": "#FFF",
              "fontSize": 12,
            }
          }
        >
          1
           MB
        </Text>
        <Text
          style={
            {
              "color": "#FFF",
              "fontSize": 12,
            }
          }
        >
          1
           
          transações
        </Text>
        <Text
          style={
            {
              "color": "#FFF",
              "fontSize": 12,
            }
          }
        >
          0
          :
          0
        </Text>
      </View>
    </View>
  </View>
  <View>
    <View
      accessibilityState={
        {
          "busy": undefined,
          "checked": undefined,
          "disabled": undefined,
          "expanded": undefined,
          "selected": undefined,
        }
      }
      accessibilityValue={
        {
          "max": undefined,
          "min": undefined,
          "now": undefined,
          "text": undefined,
        }
      }
      accessible={true}
      collapsable={false}
      focusable={true}
      onClick={[Function]}
      onResponderGrant={[Function]}
      onResponderMove={[Function]}
      onResponderRelease={[Function]}
      onResponderTerminate={[Function]}
      onResponderTerminationRequest={[Function]}
      onStartShouldSetResponder={[Function]}
      style={
        {
          "opacity": 1,
        }
      }
    >
      <View
        style={
          {
            "alignItems": "center",
            "backgroundColor": "#1d2133",
            "borderRadius": 7,
            "height": 110,
            "justifyContent": "center",
            "width": 160,
          }
        }
      >
        <Text
          style={
            {
              "color": "#DF7800",
              "fontSize": 15,
            }
          }
        >
          3
        </Text>
        <Text
          style={
            {
              "color": "#FFF",
              "fontSize": 12,
            }
          }
        >
          1
           sat/vB
        </Text>
        <Text
          style={
            {
              "color": "#FFF",
              "fontSize": 12,
            }
          }
        >
          1
           MB
        </Text>
        <Text
          style={
            {
              "color": "#FFF",
              "fontSize": 12,
            }
          }
        >
          1
           
          transações
        </Text>
        <Text
          style={
            {
              "color": "#FFF",
              "fontSize": 12,
            }
          }
        >
          0
          :
          0
        </Text>
      </View>
    </View>
  </View>
  <View>
    <View
      accessibilityState={
        {
          "busy": undefined,
          "checked": undefined,
          "disabled": undefined,
          "expanded": undefined,
          "selected": undefined,
        }
      }
      accessibilityValue={
        {
          "max": undefined,
          "min": undefined,
          "now": undefined,
          "text": undefined,
        }
      }
      accessible={true}
      collapsable={false}
      focusable={true}
      onClick={[Function]}
      onResponderGrant={[Function]}
      onResponderMove={[Function]}
      onResponderRelease={[Function]}
      onResponderTerminate={[Function]}
      onResponderTerminationRequest={[Function]}
      onStartShouldSetResponder={[Function]}
      style={
        {
          "opacity": 1,
        }
      }
    >
      <View
        style={
          {
            "alignItems": "center",
            "backgroundColor": "#1d2133",
            "borderRadius": 7,
            "height": 110,
            "justifyContent": "center",
            "width": 160,
          }
        }
      >
        <Text
          style={
            {
              "color": "#DF7800",
              "fontSize": 15,
            }
          }
        >
          4
        </Text>
        <Text
          style={
            {
              "color": "#FFF",
              "fontSize": 12,
            }
          }
        >
          1
           sat/vB
        </Text>
        <Text
          style={
            {
              "color": "#FFF",
              "fontSize": 12,
            }
          }
        >
          1
           MB
        </Text>
        <Text
          style={
            {
              "color": "#FFF",
              "fontSize": 12,
            }
          }
        >
          1
           
          transações
        </Text>
        <Text
          style={
            {
              "color": "#FFF",
              "fontSize": 12,
            }
          }
        >
          0
          :
          0
        </Text>
      </View>
    </View>
  </View>
</View>
`;
