// Jest Snapshot v1, https://goo.gl/fbAQLP

exports[`Title renders correctly 1`] = `
<View
  style={
    {
      "alignItems": "center",
      "flexDirection": "row",
      "gap": 26,
      "justifyContent": "center",
    }
  }
>
  <svg
    height={32}
  />
</View>
`;
