// Jest Snapshot v1, https://goo.gl/fbAQLP

exports[`ModalHeader renders correctly 1`] = `
<View
  style={
    {
      "alignItems": "center",
      "flexDirection": "row",
      "justifyContent": "center",
    }
  }
>
  <Text
    style={
      {
        "color": "#fff",
        "fontSize": 18,
      }
    }
  >
    Title
  </Text>
  <View
    accessibilityLabel="Close Modal"
    accessibilityState={
      {
        "busy": undefined,
        "checked": undefined,
        "disabled": undefined,
        "expanded": undefined,
        "selected": undefined,
      }
    }
    accessibilityValue={
      {
        "max": undefined,
        "min": undefined,
        "now": undefined,
        "text": undefined,
      }
    }
    accessible={true}
    collapsable={false}
    focusable={true}
    onClick={[Function]}
    onResponderGrant={[Function]}
    onResponderMove={[Function]}
    onResponderRelease={[Function]}
    onResponderTerminate={[Function]}
    onResponderTerminationRequest={[Function]}
    onStartShouldSetResponder={[Function]}
    style={
      {
        "alignItems": "center",
        "backgroundColor": "#D9D9D9",
        "borderRadius": 100,
        "height": 36,
        "justifyContent": "center",
        "opacity": 1,
        "padding": 5,
        "position": "absolute",
        "right": 0,
        "width": 36,
      }
    }
  >
    <svg
      height={20}
      width={20}
    />
  </View>
</View>
`;
