// Jest Snapshot v1, https://goo.gl/fbAQLP

exports[`TransactionsInfo renders correctly 1`] = `
<View
  style={
    {
      "gap": 15,
    }
  }
>
  <Text
    style={
      {
        "color": "white",
        "fontSize": 15,
        "fontWeight": "600",
      }
    }
  >
    Transações
  </Text>
  <View
    style={
      {
        "gap": 16,
      }
    }
  >
    <View
      accessibilityState={
        {
          "busy": undefined,
          "checked": undefined,
          "disabled": undefined,
          "expanded": undefined,
          "selected": undefined,
        }
      }
      accessibilityValue={
        {
          "max": undefined,
          "min": undefined,
          "now": undefined,
          "text": undefined,
        }
      }
      accessible={true}
      collapsable={false}
      focusable={true}
      onBlur={[Function]}
      onClick={[Function]}
      onFocus={[Function]}
      onResponderGrant={[Function]}
      onResponderMove={[Function]}
      onResponderRelease={[Function]}
      onResponderTerminate={[Function]}
      onResponderTerminationRequest={[Function]}
      onStartShouldSetResponder={[Function]}
    >
      <View
        style={
          {
            "backgroundColor": "#1d2133",
            "borderRadius": 7,
            "flexDirection": "row",
            "justifyContent": "space-evenly",
            "paddingVertical": 10,
          }
        }
      >
        <View
          style={
            {
              "alignItems": "center",
              "gap": 8,
            }
          }
        >
          <Text
            style={
              {
                "color": "white",
                "fontSize": 13,
                "fontWeight": "500",
              }
            }
          >
            ID Transação
          </Text>
          <Text
            style={
              {
                "color": "#DF7800",
                "fontWeight": "500",
              }
            }
          >
            0...
          </Text>
        </View>
        <View
          style={
            {
              "alignItems": "center",
              "gap": 8,
            }
          }
        >
          <Text
            style={
              {
                "color": "white",
                "fontSize": 13,
                "fontWeight": "500",
              }
            }
          >
            Valor
          </Text>
          <Text
            style={
              {
                "color": "white",
                "fontWeight": "500",
              }
            }
          >
            0
             BTC
          </Text>
        </View>
        <View
          style={
            {
              "alignItems": "center",
              "gap": 8,
            }
          }
        >
          <Text
            style={
              {
                "color": "white",
                "fontSize": 13,
                "fontWeight": "500",
              }
            }
          >
            Taxa
          </Text>
          <Text
            style={
              {
                "color": "white",
                "fontWeight": "500",
              }
            }
          >
            0
             sats
          </Text>
        </View>
      </View>
    </View>
    <View
      accessibilityState={
        {
          "busy": undefined,
          "checked": undefined,
          "disabled": undefined,
          "expanded": undefined,
          "selected": undefined,
        }
      }
      accessibilityValue={
        {
          "max": undefined,
          "min": undefined,
          "now": undefined,
          "text": undefined,
        }
      }
      accessible={true}
      collapsable={false}
      focusable={true}
      onBlur={[Function]}
      onClick={[Function]}
      onFocus={[Function]}
      onResponderGrant={[Function]}
      onResponderMove={[Function]}
      onResponderRelease={[Function]}
      onResponderTerminate={[Function]}
      onResponderTerminationRequest={[Function]}
      onStartShouldSetResponder={[Function]}
    >
      <View
        style={
          {
            "backgroundColor": "#1d2133",
            "borderRadius": 7,
            "flexDirection": "row",
            "justifyContent": "space-evenly",
            "paddingVertical": 10,
          }
        }
      >
        <View
          style={
            {
              "alignItems": "center",
              "gap": 8,
            }
          }
        >
          <Text
            style={
              {
                "color": "white",
                "fontSize": 13,
                "fontWeight": "500",
              }
            }
          >
            ID Transação
          </Text>
          <Text
            style={
              {
                "color": "#DF7800",
                "fontWeight": "500",
              }
            }
          >
            1...
          </Text>
        </View>
        <View
          style={
            {
              "alignItems": "center",
              "gap": 8,
            }
          }
        >
          <Text
            style={
              {
                "color": "white",
                "fontSize": 13,
                "fontWeight": "500",
              }
            }
          >
            Valor
          </Text>
          <Text
            style={
              {
                "color": "white",
                "fontWeight": "500",
              }
            }
          >
            0
             BTC
          </Text>
        </View>
        <View
          style={
            {
              "alignItems": "center",
              "gap": 8,
            }
          }
        >
          <Text
            style={
              {
                "color": "white",
                "fontSize": 13,
                "fontWeight": "500",
              }
            }
          >
            Taxa
          </Text>
          <Text
            style={
              {
                "color": "white",
                "fontWeight": "500",
              }
            }
          >
            0
             sats
          </Text>
        </View>
      </View>
    </View>
  </View>
</View>
`;
